// Jest Snapshot v1, https://goo.gl/fbAQLP

exports[`<IconGame /> Should match snapshot 1`] = `
<div>
  <figure
    class="group flex flex-col items-center justify-center gap-[0.5375rem] undefined"
  >
    <img
      alt="Alternative Text"
      class=""
      data-nimg="1"
      decoding="async"
      height="149"
      loading="lazy"
      src="/_next/image?url=https%3A%2F%2Fres.cloudinary.com%2Ficon.png&w=384&q=75"
      srcset="/_next/image?url=https%3A%2F%2Fres.cloudinary.com%2Ficon.png&w=256&q=75 1x, /_next/image?url=https%3A%2F%2Fres.cloudinary.com%2Ficon.png&w=384&q=75 2x"
      style="color: transparent;"
      width="174"
    />
  </figure>
</div>
`;
